// Jest Snapshot v1, https://goo.gl/fbAQLP

exports[`HelloWorld.vue 组件渲染正常 1`] = `"new message"`;
